// Jest Snapshot v1, https://goo.gl/fbAQLP

exports[`DataCell Component should match snapshot 1`] = `
<div
  className="MuiContainer-root MuiContainer-maxWidthLg"
>
  <div
    className="MuiBox-root MuiBox-root-1"
  >
    <form
      onSubmit={[Function]}
    >
      <img
        alt="Visual of clouds"
        src="uploadimage.png"
      />
      <div>
        <input
          accept=".json"
          id="jsonFile"
          type="file"
        />
        <button
          className="MuiButtonBase-root MuiButton-root MuiButton-contained"
          disabled={false}
          onBlur={[Function]}
          onDragLeave={[Function]}
          onFocus={[Function]}
          onKeyDown={[Function]}
          onKeyUp={[Function]}
          onMouseDown={[Function]}
          onMouseLeave={[Function]}
          onMouseUp={[Function]}
          onTouchEnd={[Function]}
          onTouchMove={[Function]}
          onTouchStart={[Function]}
          tabIndex={0}
          type="submit"
        >
          <span
            className="MuiButton-label"
          >
             Upload this file! 
          </span>
        </button>
      </div>
    </form>
  </div>
</div>
`;
