// Jest Snapshot v1, https://goo.gl/fbAQLP

exports[`GraphView Component should match snapshot 1`] = `
Array [
  <link
    href="https://cdnjs.cloudflare.com/ajax/libs/font-awesome/4.7.0/css/font-awesome.min.css"
    rel="stylesheet"
  />,
  <h2>
    GraphView
  </h2>,
  <button
    className="MuiButtonBase-root MuiButton-root MuiButton-text MuiButton-textPrimary"
    disabled={false}
    id="handleRequest"
    onBlur={[Function]}
    onClick={[Function]}
    onDragLeave={[Function]}
    onFocus={[Function]}
    onKeyDown={[Function]}
    onKeyUp={[Function]}
    onMouseDown={[Function]}
    onMouseLeave={[Function]}
    onMouseUp={[Function]}
    onTouchEnd={[Function]}
    onTouchMove={[Function]}
    onTouchStart={[Function]}
    tabIndex={0}
    type="button"
  >
    <span
      className="MuiButton-label"
    >
      Load random dataset button
    </span>
  </button>,
  <div
    className="MuiBox-root MuiBox-root-1"
  >
    <div
      className="MuiGrid-root MuiGrid-container MuiGrid-spacing-xs-3"
    >
      <div
        className="MuiGrid-root MuiGrid-container MuiGrid-item MuiGrid-grid-sm-5"
      >
        <div
          className="MuiPaper-root MuiPaper-elevation3 MuiPaper-rounded"
        >
          <svg
            height={500}
            preserveAspectRatio="xMidYMid meet"
            viewBox="0 0 768 500"
            width={768}
          />
          <div>
            <button
              className="MuiButtonBase-root MuiButton-root MuiButton-text MuiButton-textPrimary"
              disabled={false}
              id="btn1"
              onBlur={[Function]}
              onClick={[Function]}
              onDragLeave={[Function]}
              onFocus={[Function]}
              onKeyDown={[Function]}
              onKeyUp={[Function]}
              onMouseDown={[Function]}
              onMouseLeave={[Function]}
              onMouseUp={[Function]}
              onTouchEnd={[Function]}
              onTouchMove={[Function]}
              onTouchStart={[Function]}
              tabIndex={0}
              type="button"
            >
              <span
                className="MuiButton-label"
              >
                Change X Scale
              </span>
            </button>
            <button
              className="MuiButtonBase-root MuiButton-root MuiButton-text MuiButton-textPrimary"
              disabled={false}
              id="btn2"
              onBlur={[Function]}
              onClick={[Function]}
              onDragLeave={[Function]}
              onFocus={[Function]}
              onKeyDown={[Function]}
              onKeyUp={[Function]}
              onMouseDown={[Function]}
              onMouseLeave={[Function]}
              onMouseUp={[Function]}
              onTouchEnd={[Function]}
              onTouchMove={[Function]}
              onTouchStart={[Function]}
              tabIndex={0}
              type="button"
            >
              <span
                className="MuiButton-label"
              >
                Change Y Scale
              </span>
            </button>
          </div>
        </div>
      </div>
      <div
        className="MuiGrid-root MuiGrid-item MuiGrid-grid-sm-7"
      />
    </div>
    <form>
      <br />
      <div
        id="options"
      />
    </form>
    <button
      className="MuiButtonBase-root MuiButton-root MuiButton-text"
      disabled={false}
      id="deleteDataset"
      onBlur={[Function]}
      onClick={[Function]}
      onDragLeave={[Function]}
      onFocus={[Function]}
      onKeyDown={[Function]}
      onKeyUp={[Function]}
      onMouseDown={[Function]}
      onMouseLeave={[Function]}
      onMouseUp={[Function]}
      onTouchEnd={[Function]}
      onTouchMove={[Function]}
      onTouchStart={[Function]}
      tabIndex={0}
      type="button"
    >
      <span
        className="MuiButton-label"
      >
        Delete dataset
      </span>
    </button>
  </div>,
]
`;
